127.0.0.1 - - [27/Nov/2024:09:59:27 +0900] "GET / HTTP/1.1" 404 808
0:0:0:0:0:0:0:1 - - [27/Nov/2024:09:59:27 +0900] "GET /StudyJSP/WEB-INF/classes/jsp09_servlet/StudentServlet.java HTTP/1.1" 404 722
0:0:0:0:0:0:0:1 - - [27/Nov/2024:09:59:38 +0900] "GET /StudyJSP/ HTTP/1.1" 200 562
0:0:0:0:0:0:0:1 - - [27/Nov/2024:11:14:33 +0900] "GET /StudyJSP/StudentMain.st HTTP/1.1" 404 835
127.0.0.1 - - [27/Nov/2024:11:17:16 +0900] "GET / HTTP/1.1" 404 808
0:0:0:0:0:0:0:1 - - [27/Nov/2024:11:17:22 +0900] "GET /StudyJSP/StudentMain.st HTTP/1.1" 200 -
0:0:0:0:0:0:0:1 - - [27/Nov/2024:11:17:38 +0900] "GET /StudyJSP/asdasdasd.st HTTP/1.1" 200 -
127.0.0.1 - - [27/Nov/2024:11:19:12 +0900] "GET / HTTP/1.1" 404 808
0:0:0:0:0:0:0:1 - - [27/Nov/2024:11:19:18 +0900] "GET /StudyJSP/asdasdasd.st HTTP/1.1" 200 -
127.0.0.1 - - [27/Nov/2024:11:20:19 +0900] "GET / HTTP/1.1" 404 808
0:0:0:0:0:0:0:1 - - [27/Nov/2024:11:20:26 +0900] "GET /StudyJSP/asdasdasd.st HTTP/1.1" 200 -
0:0:0:0:0:0:0:1 - - [27/Nov/2024:11:20:37 +0900] "GET /StudyJSP/StudentMain.st HTTP/1.1" 200 -
127.0.0.1 - - [27/Nov/2024:11:21:53 +0900] "GET / HTTP/1.1" 404 808
0:0:0:0:0:0:0:1 - - [27/Nov/2024:11:21:57 +0900] "GET /StudyJSP/StudentMain.st HTTP/1.1" 200 287
0:0:0:0:0:0:0:1 - - [27/Nov/2024:11:22:09 +0900] "GET /StudyJSP/StudentRegistForm.st HTTP/1.1" 200 -
127.0.0.1 - - [27/Nov/2024:11:23:24 +0900] "GET / HTTP/1.1" 404 808
0:0:0:0:0:0:0:1 - - [27/Nov/2024:11:23:30 +0900] "GET /StudyJSP/StudentRegistForm.st HTTP/1.1" 200 382
0:0:0:0:0:0:0:1 - - [27/Nov/2024:11:23:38 +0900] "GET /StudyJSP/StudentRegistForm.st HTTP/1.1" 200 382
0:0:0:0:0:0:0:1 - - [27/Nov/2024:11:23:49 +0900] "POST /StudyJSP/StudentRegist.st HTTP/1.1" 200 -
127.0.0.1 - - [27/Nov/2024:11:25:47 +0900] "GET / HTTP/1.1" 404 808
0:0:0:0:0:0:0:1 - - [27/Nov/2024:11:26:02 +0900] "POST /StudyJSP/StudentRegist.st HTTP/1.1" 200 345
0:0:0:0:0:0:0:1 - - [27/Nov/2024:11:26:46 +0900] "GET /StudyJSP/StudentMain.st HTTP/1.1" 200 287
0:0:0:0:0:0:0:1 - - [27/Nov/2024:11:26:50 +0900] "GET /StudyJSP/StudentList.st HTTP/1.1" 200 -
0:0:0:0:0:0:0:1 - - [27/Nov/2024:11:26:54 +0900] "GET /StudyJSP/StudentMain.st HTTP/1.1" 200 287
0:0:0:0:0:0:0:1 - - [27/Nov/2024:11:26:56 +0900] "GET /StudyJSP/StudentList.st HTTP/1.1" 200 -
127.0.0.1 - - [27/Nov/2024:11:27:33 +0900] "GET / HTTP/1.1" 404 808
0:0:0:0:0:0:0:1 - - [27/Nov/2024:11:27:38 +0900] "GET /StudyJSP/StudentList.st HTTP/1.1" 200 165
0:0:0:0:0:0:0:1 - - [27/Nov/2024:11:27:45 +0900] "GET /StudyJSP/StudentMain.st HTTP/1.1" 200 287
0:0:0:0:0:0:0:1 - - [27/Nov/2024:11:27:50 +0900] "GET /StudyJSP/StudentRegistForm.st HTTP/1.1" 200 382
0:0:0:0:0:0:0:1 - - [27/Nov/2024:11:27:53 +0900] "POST /StudyJSP/StudentRegist.st HTTP/1.1" 200 345
0:0:0:0:0:0:0:1 - - [27/Nov/2024:11:27:58 +0900] "GET /StudyJSP/StudentMain.st HTTP/1.1" 200 287
0:0:0:0:0:0:0:1 - - [27/Nov/2024:11:27:59 +0900] "GET /StudyJSP/StudentList.st HTTP/1.1" 200 165
127.0.0.1 - - [27/Nov/2024:11:40:04 +0900] "GET / HTTP/1.1" 404 808
0:0:0:0:0:0:0:1 - - [27/Nov/2024:11:40:05 +0900] "GET /StudyJSP/ HTTP/1.1" 200 626
0:0:0:0:0:0:0:1 - - [27/Nov/2024:11:40:13 +0900] "GET /StudyJSP/Main.jdbc HTTP/1.1" 200 280
0:0:0:0:0:0:0:1 - - [27/Nov/2024:11:48:40 +0900] "GET /StudyJSP/Main.jdbc HTTP/1.1" 200 280
0:0:0:0:0:0:0:1 - - [27/Nov/2024:11:48:43 +0900] "GET /StudyJSP/connect1.jdbc HTTP/1.1" 200 -
127.0.0.1 - - [27/Nov/2024:11:53:26 +0900] "GET / HTTP/1.1" 404 808
0:0:0:0:0:0:0:1 - - [27/Nov/2024:11:53:37 +0900] "GET /StudyJSP/connect1.jdbc HTTP/1.1" 200 -
0:0:0:0:0:0:0:1 - - [27/Nov/2024:11:54:00 +0900] "GET /StudyJSP/connect2.jdbc HTTP/1.1" 200 -
127.0.0.1 - - [27/Nov/2024:12:21:46 +0900] "GET / HTTP/1.1" 404 808
0:0:0:0:0:0:0:1 - - [27/Nov/2024:12:21:59 +0900] "GET /StudyJSP/connect2.jdbc HTTP/1.1" 200 -
0:0:0:0:0:0:0:1 - - [27/Nov/2024:12:25:38 +0900] "GET /StudyJSP/connect2.jdbc HTTP/1.1" 200 -
127.0.0.1 - - [27/Nov/2024:12:37:54 +0900] "GET / HTTP/1.1" 404 808
0:0:0:0:0:0:0:1 - - [27/Nov/2024:12:38:16 +0900] "GET /StudyJSP/Main.jdbc HTTP/1.1" 200 557
0:0:0:0:0:0:0:1 - - [27/Nov/2024:12:38:16 +0900] "GET /StudyJSP/Main.jdbc HTTP/1.1" 200 557
0:0:0:0:0:0:0:1 - - [27/Nov/2024:12:38:16 +0900] "GET /StudyJSP/Main.jdbc HTTP/1.1" 200 557
0:0:0:0:0:0:0:1 - - [27/Nov/2024:12:38:16 +0900] "GET /favicon.ico HTTP/1.1" 404 819
0:0:0:0:0:0:0:1 - - [27/Nov/2024:12:38:37 +0900] "POST /StudyJSP/connect3_insert.jdbc HTTP/1.1" 500 1500
0:0:0:0:0:0:0:1 - - [27/Nov/2024:12:39:07 +0900] "POST /StudyJSP/connect3_insert.jdbc HTTP/1.1" 200 -
127.0.0.1 - - [27/Nov/2024:12:58:36 +0900] "GET / HTTP/1.1" 404 808
0:0:0:0:0:0:0:1 - - [27/Nov/2024:12:58:48 +0900] "POST /StudyJSP/connect3_insert.jdbc HTTP/1.1" 200 -
127.0.0.1 - - [27/Nov/2024:12:59:35 +0900] "GET / HTTP/1.1" 404 808
0:0:0:0:0:0:0:1 - - [27/Nov/2024:12:59:43 +0900] "POST /StudyJSP/connect3_insert.jdbc HTTP/1.1" 200 -
